<?php return array (
  0 => 'Symfony\\Bundle\\FrameworkBundle\\Controller\\AbstractController',
  1 => 'Contao\\CoreBundle\\Controller\\AbstractController',
  2 => 'Contao\\CoreBundle\\Controller\\AbstractFragmentController',
  3 => 'Contao\\CoreBundle\\Controller\\BackendController',
  4 => 'Contao\\CoreBundle\\Controller\\BackendCsvImportController',
  5 => 'Contao\\CoreBundle\\Controller\\BackendPreviewController',
  6 => 'Contao\\CoreBundle\\Controller\\BackendPreviewSwitchController',
  7 => 'Contao\\CoreBundle\\Controller\\ContentElement\\AbstractContentElementController',
  8 => 'Contao\\CoreBundle\\Controller\\FaviconController',
  9 => 'Contao\\CoreBundle\\Controller\\FrontendController',
  10 => 'Contao\\CoreBundle\\Controller\\FrontendModule\\AbstractFrontendModuleController',
  11 => 'Contao\\CoreBundle\\Controller\\FrontendModule\\TwoFactorController',
  12 => 'Contao\\CoreBundle\\Controller\\ImagesController',
  13 => 'Contao\\CoreBundle\\Controller\\InitializeController',
  14 => 'Contao\\CoreBundle\\Controller\\InsertTagsController',
  15 => 'Contao\\CoreBundle\\Controller\\RobotsTxtController',
  16 => 'Contao\\CoreBundle\\Entity\\CrawlQueue',
  17 => 'Contao\\CoreBundle\\Entity\\CronJob',
  18 => 'Contao\\CoreBundle\\Entity\\RememberMe',
  19 => 'Contao\\CoreBundle\\Entity\\TrustedDevice',
  20 => 'Contao\\InstallationBundle\\Controller\\InstallationController',
  21 => 'Contao\\ManagerBundle\\Controller\\DebugController',
  22 => 'Doctrine\\Bundle\\DoctrineBundle\\Controller\\ProfilerController',
  23 => 'Doctrine\\ORM\\Cache\\Persister\\Entity\\AbstractEntityPersister',
  24 => 'Doctrine\\ORM\\Cache\\Persister\\Entity\\CachedEntityPersister',
  25 => 'Doctrine\\ORM\\Cache\\Persister\\Entity\\NonStrictReadWriteCachedEntityPersister',
  26 => 'Doctrine\\ORM\\Cache\\Persister\\Entity\\ReadOnlyCachedEntityPersister',
  27 => 'Doctrine\\ORM\\Cache\\Persister\\Entity\\ReadWriteCachedEntityPersister',
  28 => 'Doctrine\\ORM\\Persisters\\Entity\\AbstractEntityInheritancePersister',
  29 => 'Doctrine\\ORM\\Persisters\\Entity\\BasicEntityPersister',
  30 => 'Doctrine\\ORM\\Persisters\\Entity\\CachedPersisterContext',
  31 => 'Doctrine\\ORM\\Persisters\\Entity\\EntityPersister',
  32 => 'Doctrine\\ORM\\Persisters\\Entity\\JoinedSubclassPersister',
  33 => 'Doctrine\\ORM\\Persisters\\Entity\\SingleTablePersister',
  34 => 'Nelmio\\SecurityBundle\\Controller\\ContentSecurityPolicyController',
  35 => 'Scheb\\TwoFactorBundle\\Controller\\FormController',
  37 => 'Symfony\\Bundle\\FrameworkBundle\\Controller\\Controller',
  38 => 'Symfony\\Bundle\\FrameworkBundle\\Controller\\ControllerNameParser',
  39 => 'Symfony\\Bundle\\FrameworkBundle\\Controller\\ControllerResolver',
  40 => 'Symfony\\Bundle\\FrameworkBundle\\Controller\\ControllerTrait',
  41 => 'Symfony\\Bundle\\FrameworkBundle\\Controller\\RedirectController',
  42 => 'Symfony\\Bundle\\FrameworkBundle\\Controller\\TemplateController',
  43 => 'Symfony\\Bundle\\TwigBundle\\Controller\\ExceptionController',
  44 => 'Symfony\\Bundle\\TwigBundle\\Controller\\PreviewErrorController',
  45 => 'Symfony\\Bundle\\WebProfilerBundle\\Controller\\ExceptionController',
  46 => 'Symfony\\Bundle\\WebProfilerBundle\\Controller\\ExceptionPanelController',
  47 => 'Symfony\\Bundle\\WebProfilerBundle\\Controller\\ProfilerController',
  48 => 'Symfony\\Bundle\\WebProfilerBundle\\Controller\\RouterController',
  49 => 'Symfony\\Cmf\\Bundle\\RoutingBundle\\Controller\\RedirectController',
  50 => 'Symfony\\Component\\HttpKernel\\Controller\\ArgumentResolver',
  51 => 'Symfony\\Component\\HttpKernel\\Controller\\ArgumentResolverInterface',
  52 => 'Symfony\\Component\\HttpKernel\\Controller\\ArgumentResolver\\DefaultValueResolver',
  53 => 'Symfony\\Component\\HttpKernel\\Controller\\ArgumentResolver\\NotTaggedControllerValueResolver',
  54 => 'Symfony\\Component\\HttpKernel\\Controller\\ArgumentResolver\\RequestAttributeValueResolver',
  55 => 'Symfony\\Component\\HttpKernel\\Controller\\ArgumentResolver\\RequestValueResolver',
  56 => 'Symfony\\Component\\HttpKernel\\Controller\\ArgumentResolver\\ServiceValueResolver',
  57 => 'Symfony\\Component\\HttpKernel\\Controller\\ArgumentResolver\\SessionValueResolver',
  58 => 'Symfony\\Component\\HttpKernel\\Controller\\ArgumentResolver\\TraceableValueResolver',
  59 => 'Symfony\\Component\\HttpKernel\\Controller\\ArgumentResolver\\VariadicValueResolver',
  60 => 'Symfony\\Component\\HttpKernel\\Controller\\ArgumentValueResolverInterface',
  61 => 'Symfony\\Component\\HttpKernel\\Controller\\ContainerControllerResolver',
  62 => 'Symfony\\Component\\HttpKernel\\Controller\\ControllerReference',
  63 => 'Symfony\\Component\\HttpKernel\\Controller\\ControllerResolver',
  64 => 'Symfony\\Component\\HttpKernel\\Controller\\ControllerResolverInterface',
  65 => 'Symfony\\Component\\HttpKernel\\Controller\\ErrorController',
  66 => 'Symfony\\Component\\HttpKernel\\Controller\\TraceableArgumentResolver',
  67 => 'Symfony\\Component\\HttpKernel\\Controller\\TraceableControllerResolver',
  68 => 'Symfony\\Component\\Security\\Http\\Controller\\UserValueResolver',
);